[jthemes.net/themes/html/immiex/files/demo-3.html]
[backblue.gif]
[fade.gif]
[index.html]
[jthemes.net/themes/html/immiex/files/images/favicon.ico]
[jthemes.net/themes/html/immiex/files/images/apple-touch-icon-152x152.png]
[jthemes.net/themes/html/immiex/files/images/apple-touch-icon-120x120.png]
[jthemes.net/themes/html/immiex/files/images/apple-touch-icon-76x76.png]
[jthemes.net/themes/html/immiex/files/images/apple-touch-icon.png]
[jthemes.net/themes/html/immiex/files/css/bootstrap.min.css]
[use.fontawesome.com/releases/v5.7.2/css/all.css]
[jthemes.net/themes/html/immiex/files/css/flaticon.css]
[jthemes.net/themes/html/immiex/files/css/menu.css]
[jthemes.net/themes/html/immiex/files/css/dropdown-effects/fade-down.css]
[jthemes.net/themes/html/immiex/files/css/tweenmax.css]
[jthemes.net/themes/html/immiex/files/css/magnific-popup.css]
[jthemes.net/themes/html/immiex/files/css/owl.carousel.min.css]
[jthemes.net/themes/html/immiex/files/css/owl.theme.default.min.css]
[jthemes.net/themes/html/immiex/files/css/red.css]
[jthemes.net/themes/html/immiex/files/css/aqua.css]
[jthemes.net/themes/html/immiex/files/css/blue.css]
[jthemes.net/themes/html/immiex/files/css/green.css]
[jthemes.net/themes/html/immiex/files/css/olive.css]
[jthemes.net/themes/html/immiex/files/css/darkred.css]
[jthemes.net/themes/html/immiex/files/css/orange.css]
[jthemes.net/themes/html/immiex/files/css/salmon.css]
[jthemes.net/themes/html/immiex/files/css/teal.css]
[jthemes.net/themes/html/immiex/files/css/yellow.css]
[jthemes.net/themes/html/immiex/files/css/responsive.css]
[jthemes.net/themes/html/immiex/files/images/logo-black.png]
[jthemes.net/themes/html/immiex/files/images/logo-white.png]
[jthemes.net/themes/html/immiex/files/demo-1.html]
[jthemes.net/themes/html/immiex/files/demo-2.html]
[jthemes.net/themes/html/immiex/files/demo-4.html]
[jthemes.net/themes/html/immiex/files/demo-5.html]
[jthemes.net/themes/html/immiex/files/demo-6.html]
[jthemes.net/themes/html/immiex/files/demo-7.html]
[jthemes.net/themes/html/immiex/files/demo-8.html]
[jthemes.net/themes/html/immiex/files/demo-9.html]
[jthemes.net/themes/html/immiex/files/about.html]
[jthemes.net/themes/html/immiex/files/courses-list.html]
[jthemes.net/themes/html/immiex/files/course-details.html]
[jthemes.net/themes/html/immiex/files/partners.html]
[jthemes.net/themes/html/immiex/files/faqs.html]
[jthemes.net/themes/html/immiex/files/country-details.html]
[jthemes.net/themes/html/immiex/files/visa-list-1.html]
[jthemes.net/themes/html/immiex/files/visa-list-2.html]
[jthemes.net/themes/html/immiex/files/visa-details.html]
[jthemes.net/themes/html/immiex/files/blog-listing.html]
[jthemes.net/themes/html/immiex/files/single-post.html]
[jthemes.net/themes/html/immiex/files/contacts-1.html]
[jthemes.net/themes/html/immiex/files/contacts-2.html]
[jthemes.net/themes/html/immiex/files/contacts-3.html]
[jthemes.net/themes/html/immiex/files/images/blog/featured-news.jpg]
[jthemes.net/themes/html/immiex/files/images/blog/latest-post-1.jpg]
[jthemes.net/themes/html/immiex/files/images/blog/latest-post-2.jpg]
[jthemes.net/themes/html/immiex/files/images/blog/latest-post-3.jpg]
[jthemes.net/themes/html/immiex/files/images/image-03.png]
[jthemes.net/themes/html/immiex/files/images/image-04.png]
[jthemes.net/themes/html/immiex/files/images/image-01.png]
[jthemes.net/themes/html/immiex/files/images/image-02.png]
[jthemes.net/themes/html/immiex/files/images/flags/canada.png]
[jthemes.net/themes/html/immiex/files/images/flags/australia.png]
[jthemes.net/themes/html/immiex/files/images/flags/united-kingdom.png]
[jthemes.net/themes/html/immiex/files/images/flags/new-zealand.png]
[jthemes.net/themes/html/immiex/files/images/flags/singapore.png]
[jthemes.net/themes/html/immiex/files/images/flags/usa.png]
[jthemes.net/themes/html/immiex/files/images/brand-1.png]
[jthemes.net/themes/html/immiex/files/images/brand-2.png]
[jthemes.net/themes/html/immiex/files/images/brand-3.png]
[jthemes.net/themes/html/immiex/files/images/brand-4.png]
[jthemes.net/themes/html/immiex/files/images/brand-5.png]
[jthemes.net/themes/html/immiex/files/images/brand-6.png]
[jthemes.net/themes/html/immiex/files/images/brand-7.png]
[jthemes.net/themes/html/immiex/files/images/brand-8.png]
[jthemes.net/themes/html/immiex/files/images/review-author-1.jpg]
[jthemes.net/themes/html/immiex/files/images/review-author-2.jpg]
[jthemes.net/themes/html/immiex/files/images/review-author-3.jpg]
[jthemes.net/themes/html/immiex/files/images/review-author-4.jpg]
[jthemes.net/themes/html/immiex/files/images/review-author-5.jpg]
[jthemes.net/themes/html/immiex/files/images/review-author-6.jpg]
[jthemes.net/themes/html/immiex/files/images/review-author-7.jpg]
[jthemes.net/themes/html/immiex/files/images/blog/post-1-img.jpg]
[jthemes.net/themes/html/immiex/files/images/blog/post-2-img.jpg]
[jthemes.net/themes/html/immiex/files/images/blog/post-3-img.jpg]
[jthemes.net/themes/html/immiex/files/js/jquery-3.3.1.min.js]
[jthemes.net/themes/html/immiex/files/js/bootstrap.min.js]
[jthemes.net/themes/html/immiex/files/js/modernizr.custom.js]
[jthemes.net/themes/html/immiex/files/js/jquery.easing.js]
[jthemes.net/themes/html/immiex/files/js/jquery.appear.js]
[jthemes.net/themes/html/immiex/files/js/jquery.stellar.min.js]
[jthemes.net/themes/html/immiex/files/js/menu.js]
[jthemes.net/themes/html/immiex/files/js/jquery.scrollto.js]
[jthemes.net/themes/html/immiex/files/js/materialize.js]
[jthemes.net/themes/html/immiex/files/js/owl.carousel.min.js]
[jthemes.net/themes/html/immiex/files/js/imagesloaded.pkgd.min.js]
[jthemes.net/themes/html/immiex/files/js/isotope.pkgd.min.js]
[jthemes.net/themes/html/immiex/files/js/jquery.magnific-popup.min.js]
[jthemes.net/themes/html/immiex/files/js/hero-request-form.js]
[jthemes.net/themes/html/immiex/files/js/hero-register-form.js]
[jthemes.net/themes/html/immiex/files/js/request-form.js]
[jthemes.net/themes/html/immiex/files/js/contact-form.js]
[jthemes.net/themes/html/immiex/files/js/comment-form.js]
[jthemes.net/themes/html/immiex/files/js/jquery.ajaxchimp.min.js]
[jthemes.net/themes/html/immiex/files/js/jquery.validate.min.js]
[jthemes.net/themes/html/immiex/files/js/custom.js]
[jthemes.net/themes/html/immiex/files/images/color-scheme/aqua.png]
[jthemes.net/themes/html/immiex/files/images/color-scheme/salmon.png]
[jthemes.net/themes/html/immiex/files/images/color-scheme/blue.png]
[jthemes.net/themes/html/immiex/files/images/color-scheme/orange.png]
[jthemes.net/themes/html/immiex/files/images/color-scheme/olive.png]
[jthemes.net/themes/html/immiex/files/images/color-scheme/darkred.png]
[jthemes.net/themes/html/immiex/files/images/color-scheme/teal.png]
[jthemes.net/themes/html/immiex/files/images/color-scheme/yellow.png]
[jthemes.net/themes/html/immiex/files/images/color-scheme/green.png]
[jthemes.net/themes/html/immiex/files/images/color-scheme/l-01.jpg]
[jthemes.net/themes/html/immiex/files/images/color-scheme/l-02.jpg]
[jthemes.net/themes/html/immiex/files/images/color-scheme/l-04.jpg]
[jthemes.net/themes/html/immiex/files/images/color-scheme/l-05.jpg]
[jthemes.net/themes/html/immiex/files/images/color-scheme/l-06.jpg]
[jthemes.net/themes/html/immiex/files/images/color-scheme/l-07.jpg]
[jthemes.net/themes/html/immiex/files/images/color-scheme/l-08.jpg]
[jthemes.net/themes/html/immiex/files/images/color-scheme/l-09.jpg]
[jthemes.net/themes/html/immiex/files/js/changer.js]
[jthemes.net/themes/html/immiex/files/demo-3.html]
[jthemes.net/themes/html/immiex/files/apple-touch-icon.html]
[jthemes.net/themes/html/immiex/files/css/bootstrap.min.css]
[use.fontawesome.com/releases/v5.7.2/css/all.css]
[jthemes.net/themes/html/immiex/files/js/styleswitch.js]
[jthemes.net/themes/html/immiex/files/fonts/Flaticon.eot]
[jthemes.net/themes/html/immiex/files/fonts/Flaticond41d.eot]
[jthemes.net/themes/html/immiex/files/fonts/Flaticon.woff]
[jthemes.net/themes/html/immiex/files/fonts/Flaticon.ttf]
[jthemes.net/themes/html/immiex/files/css/flaticon.css]
[jthemes.net/themes/html/immiex/files/css/menu.css]
[jthemes.net/themes/html/immiex/files/css/dropdown-effects/fade-down.css]
[jthemes.net/themes/html/immiex/files/css/tweenmax.css]
[jthemes.net/themes/html/immiex/files/css/magnific-popup.css]
[jthemes.net/themes/html/immiex/files/css/owl.carousel.min.css]
[jthemes.net/themes/html/immiex/files/css/owl.theme.default.min.css]
[jthemes.net/themes/html/immiex/files/images/tra-city.png]
[jthemes.net/themes/html/immiex/files/images/tra-map.png]
[jthemes.net/themes/html/immiex/files/images/blue-map.jpg]
[jthemes.net/themes/html/immiex/files/images/bg-blue-img.jpg]
[jthemes.net/themes/html/immiex/files/images/border.png]
[jthemes.net/themes/html/immiex/files/images/hero-3.jpg]
[jthemes.net/themes/html/immiex/files/images/hero-5.jpg]
[jthemes.net/themes/html/immiex/files/images/hero-6.jpg]
[jthemes.net/themes/html/immiex/files/images/hero-7.jpg]
[jthemes.net/themes/html/immiex/files/images/hero-9.jpg]
[jthemes.net/themes/html/immiex/files/images/about-6.jpg]
[jthemes.net/themes/html/immiex/files/images/about-8.jpg]
[jthemes.net/themes/html/immiex/files/images/request-form.jpg]
[jthemes.net/themes/html/immiex/files/images/statistic.jpg]
[jthemes.net/themes/html/immiex/files/images/cta.jpg]
[jthemes.net/themes/html/immiex/files/images/cta-4.jpg]
[jthemes.net/themes/html/immiex/files/images/back-to-top.png]
[jthemes.net/themes/html/immiex/files/css/red.css]
[jthemes.net/themes/html/immiex/files/css/aqua.css]
[jthemes.net/themes/html/immiex/files/css/blue.css]
[jthemes.net/themes/html/immiex/files/css/darkred.css]
[jthemes.net/themes/html/immiex/files/css/green.css]
[jthemes.net/themes/html/immiex/files/css/olive.css]
[jthemes.net/themes/html/immiex/files/css/orange.css]
[jthemes.net/themes/html/immiex/files/css/salmon.css]
[jthemes.net/themes/html/immiex/files/css/teal.css]
[jthemes.net/themes/html/immiex/files/css/yellow.css]
[jthemes.net/themes/html/immiex/files/css/responsive.css]
[jthemes.net/themes/html/immiex/files/images/slider/slide-1.jpg]
[jthemes.net/themes/html/immiex/files/images/slider/slide-2.jpg]
[jthemes.net/themes/html/immiex/files/images/slider/slide-3.jpg]
[jthemes.net/themes/html/immiex/files/country-list.html]
[jthemes.net/themes/html/immiex/files/images/world-map.png]
[jthemes.net/themes/html/immiex/files/images/canada-flag.jpg]
[jthemes.net/themes/html/immiex/files/images/australia-flag.jpg]
[jthemes.net/themes/html/immiex/files/images/singapore-flag.jpg]
[jthemes.net/themes/html/immiex/files/images/uk-flag.jpg]
[jthemes.net/themes/html/immiex/files/images/usa-flag.jpg]
[jthemes.net/themes/html/immiex/files/images/newzealand-flag.jpg]
[jthemes.net/themes/html/immiex/files/images/china-flag.jpg]
[jthemes.net/themes/html/immiex/files/images/image-08.png]
[jthemes.net/themes/html/immiex/files/images/flags/eu.png]
[jthemes.net/themes/html/immiex/files/images/color-scheme/l-03.jpg]
[jthemes.net/themes/html/immiex/files/demo-1.html]
[jthemes.net/themes/html/immiex/files/images/slider/slide-4.jpg]
[jthemes.net/themes/html/immiex/files/images/slider/slide-5.jpg]
[jthemes.net/themes/html/immiex/files/images/slider/slide-6.jpg]
[jthemes.net/themes/html/immiex/files/images/image-05.png]
[jthemes.net/themes/html/immiex/files/images/australia.png]
[jthemes.net/themes/html/immiex/files/images/course-1-img.jpg]
[jthemes.net/themes/html/immiex/files/images/course-5-img.jpg]
[jthemes.net/themes/html/immiex/files/images/course-3-img.jpg]
[jthemes.net/themes/html/immiex/files/images/course-4-img.jpg]
[jthemes.net/themes/html/immiex/files/images/course-2-img.jpg]
[jthemes.net/themes/html/immiex/files/images/course-6-img.jpg]
[jthemes.net/themes/html/immiex/files/images/color-scheme/red.png]
[jthemes.net/themes/html/immiex/files/demo-2.html]
[jthemes.net/themes/html/immiex/files/images/slider/slide-11.jpg]
[jthemes.net/themes/html/immiex/files/images/slider/slide-12.jpg]
[jthemes.net/themes/html/immiex/files/images/slider/slide-13.jpg]
[jthemes.net/themes/html/immiex/files/images/canada-800x600.jpg]
[jthemes.net/themes/html/immiex/files/images/australia-800x600.jpg]
[jthemes.net/themes/html/immiex/files/images/singapore-800x600.jpg]
[jthemes.net/themes/html/immiex/files/images/uk-800x600.jpg]
[jthemes.net/themes/html/immiex/files/images/usa-800x600.jpg]
[jthemes.net/themes/html/immiex/files/images/newzealand-800x600.jpg]
[jthemes.net/themes/html/immiex/files/images/china-800x600.jpg]
[jthemes.net/themes/html/immiex/files/js/tweenmax.min.js]
[jthemes.net/themes/html/immiex/files/js/slideshow.js]
[jthemes.net/themes/html/immiex/files/demo-4.html]
[jthemes.net/themes/html/immiex/files/demo-5.html]
[jthemes.net/themes/html/immiex/files/demo-6.html]
[jthemes.net/themes/html/immiex/files/images/canada-400x400.jpg]
[jthemes.net/themes/html/immiex/files/images/australia-400x400.jpg]
[jthemes.net/themes/html/immiex/files/images/singapore-400x400.jpg]
[jthemes.net/themes/html/immiex/files/images/usa-400x400.jpg]
[jthemes.net/themes/html/immiex/files/images/uk-400x400.jpg]
[jthemes.net/themes/html/immiex/files/images/germany-400x400.jpg]
[jthemes.net/themes/html/immiex/files/images/flags/germany.png]
[jthemes.net/themes/html/immiex/files/images/china-400x400.jpg]
[jthemes.net/themes/html/immiex/files/images/flags/china.png]
[jthemes.net/themes/html/immiex/files/demo-7.html]
[jthemes.net/themes/html/immiex/files/images/slider/slide-7.jpg]
[jthemes.net/themes/html/immiex/files/images/slider/slide-8.jpg]
[jthemes.net/themes/html/immiex/files/images/slider/slide-9.jpg]
[jthemes.net/themes/html/immiex/files/images/slider/slide-10.jpg]
[jthemes.net/themes/html/immiex/files/demo-8.html]
[jthemes.net/themes/html/immiex/files/demo-9.html]
[jthemes.net/themes/html/immiex/files/about.html]
[jthemes.net/themes/html/immiex/files/images/course-7-img.jpg]
[jthemes.net/themes/html/immiex/files/images/course-8-img.jpg]
[jthemes.net/themes/html/immiex/files/courses-list.html]
[jthemes.net/themes/html/immiex/files/images/ielts.png]
[jthemes.net/themes/html/immiex/files/images/image-11.jpg]
[jthemes.net/themes/html/immiex/files/images/sidebar-canada.jpg]
[jthemes.net/themes/html/immiex/files/images/sidebar-uk.jpg]
[jthemes.net/themes/html/immiex/files/images/sidebar-usa.jpg]
[jthemes.net/themes/html/immiex/files/course-details.html]
[jthemes.net/themes/html/immiex/files/partners.html]
[jthemes.net/themes/html/immiex/files/faqs.html]
[jthemes.net/themes/html/immiex/files/images/image-10.jpg]
[jthemes.net/themes/html/immiex/files/country-details.html]
[jthemes.net/themes/html/immiex/files/visa-list-1.html]
[jthemes.net/themes/html/immiex/files/visa-list-2.html]
[jthemes.net/themes/html/immiex/files/visa-details.html]
[jthemes.net/themes/html/immiex/files/images/blog/post-4-img.jpg]
[jthemes.net/themes/html/immiex/files/images/blog/post-5-img.jpg]
[jthemes.net/themes/html/immiex/files/images/blog/post-6-img.jpg]
[jthemes.net/themes/html/immiex/files/images/blog/post-7-img.jpg]
[jthemes.net/themes/html/immiex/files/blog-listing.html]
[jthemes.net/themes/html/immiex/files/images/post-author-1.jpg]
[jthemes.net/themes/html/immiex/files/images/post-author-2.jpg]
[jthemes.net/themes/html/immiex/files/images/post-author-3.jpg]
[jthemes.net/themes/html/immiex/files/images/post-author-4.jpg]
[jthemes.net/themes/html/immiex/files/single-post.html]
[jthemes.net/themes/html/immiex/files/js/google-map.js]
[jthemes.net/themes/html/immiex/files/contacts-1.html]
[jthemes.net/themes/html/immiex/files/contacts-2.html]
[jthemes.net/themes/html/immiex/files/contacts-3.html]
[jthemes.net/themes/html/immiex/files/fonts/Flaticon.svg]
[jthemes.net/themes/html/immiex/files/images/bg01.html]
[jthemes.net/themes/html/immiex/files/css/owl.video.play.html]
[jthemes.net/themes/html/immiex/files/images/video.html]
[jthemes.net/themes/html/immiex/files/images/flags/ireland.png]
[jthemes.net/themes/html/immiex/files/images/flags/south-korea.png]
[jthemes.net/themes/html/immiex/files/images/flags/slovakia.png]
[jthemes.net/themes/html/immiex/files/images/flags/india.png]
[jthemes.net/themes/html/immiex/files/images/flags/france.png]
[jthemes.net/themes/html/immiex/files/country-list.html]
[jthemes.net/themes/html/immiex/files/couching-list.html]
[jthemes.net/themes/html/immiex/files/country-detail.html]
